[2026-08-06T22:12:50.498Z] TO: seaointeralia@gmail.com
SUBJECT: New investor application: E2E Investor
E2E Investor (e2e-investor-1786054370@example.com) submitted a new investor application.

Country: Kenya
Budget: 50000
Status: submitted
Operating experience: Regional product operations
Notes: Automated end-to-end validation
---
[2026-08-06T22:12:50.689Z] TO: seaointeralia@gmail.com
SUBJECT: Investor profile updated: E2E Investor
E2E Investor (e2e-investor-1786054370@example.com) updated an existing investor application.

Country: Kenya
Budget: 90000
Status: submitted
Operating experience: 5 years in SaaS rollout
Notes: Profile update during E2E test
---
[2026-08-06T22:20:27.251Z] TO: seaointeralia@gmail.com
SUBJECT: New investor application: E2E Investor
E2E Investor (e2e-investor-1786054827@example.com) submitted a new investor application.

Country: Kenya
Budget: 50000
Status: submitted
Operating experience: Regional product operations
Notes: Automated e2e validation
---
[2026-08-06T22:20:27.408Z] TO: seaointeralia@gmail.com
SUBJECT: Investor profile updated: E2E Investor
E2E Investor (e2e-investor-1786054827@example.com) updated an existing investor application.

Country: Kenya
Budget: 90000
Status: submitted
Operating experience: 5 years in SaaS rollout
Notes: Profile update during E2E test
---
[2026-08-06T22:21:18.340Z] TO: seaointeralia@gmail.com
SUBJECT: New investor application: E2E Investor
E2E Investor (e2e-investor-1786054878@example.com) submitted a new investor application.

Country: Kenya
Budget: 50000
Status: submitted
Operating experience: Regional product operations
Notes: Automated e2e validation
---
[2026-08-06T22:21:18.996Z] TO: seaointeralia@gmail.com
SUBJECT: Investor profile updated: E2E Investor
E2E Investor (e2e-investor-1786054878@example.com) updated an existing investor application.

Country: Kenya
Budget: 90000
Status: submitted
Operating experience: 5 years in SaaS rollout
Notes: Profile update during E2E test
---
[2026-08-06T22:22:46.841Z] TO: seaointeralia@gmail.com
SUBJECT: New investor application: E2E Investor
E2E Investor (e2e-investor-1786054966@example.com) submitted a new investor application.

Country: Kenya
Budget: 50000
Status: submitted
Operating experience: Regional product operations
Notes: Automated e2e validation
---
[2026-08-06T22:22:47.288Z] TO: seaointeralia@gmail.com
SUBJECT: Investor profile updated: E2E Investor
E2E Investor (e2e-investor-1786054966@example.com) updated an existing investor application.

Country: Kenya
Budget: 90000
Status: submitted
Operating experience: 5 years in SaaS rollout
Notes: Profile update during E2E test
---
[2026-08-06T23:29:14.361Z] TO: seaointeralia@gmail.com
SUBJECT: New investor application: E2E Investor
E2E Investor (e2e-investor-1786058954@example.com) submitted a new investor application.

Country: Kenya
Budget: 50000
Status: submitted
Operating experience: Regional product operations
Notes: Automated e2e validation
---
[2026-08-06T23:29:14.580Z] TO: seaointeralia@gmail.com
SUBJECT: Investor profile updated: E2E Investor
E2E Investor (e2e-investor-1786058954@example.com) updated an existing investor application.

Country: Kenya
Budget: 90000
Status: submitted
Operating experience: 5 years in SaaS rollout
Notes: Profile update during E2E test
---
